===============================================================

===============================================================
      UJI PERBANDINGAN DZULQA'DAH 1447 H (BANDUNG)             
               Tanggal: 17 April 2026 M                        
===============================================================
Saat Perhitungan   : Jum'at, 17 April 2026 M / JD 2461147,95168
Ijtima Geosentris  : Jum'at Wage, 17 April 2026 M
Jam 18:51:33 WIB | 11:51:33 UT
Bujur Ekliptika Geosentris: 027° 28’ 57,607’’
Ijtima Toposentris : Jum'at Wage, 17 April 2026 M
Jam 20:10:48 WIB | 13:10:48 UT
Bujur Ekliptika Toposentris: 027° 32’ 11,465’’
Ghurub Matahari    : 17:50:25 WIB
Ghurub Bulan       : 17:36:14 WIB

--- POSISI SAAT SUNSET ---
T. Bujur Bulan     : +025° 58’ 09’’  | T. Bujur Matahari : +027° 26’ 20’’
T. Lintang Bulan   : +004° 19’ 20’’  | T. Lintang Matahari : +000° 00’ 04’’
T. RA Bulan        : +1h 29m 51s  | T. RA Matahari    : +1h 41m 53s
T. Dec Bulan       : +014° 03’ 13’’  | T. Dec Matahari    : +010° 33’ 45’’
T. Azimuth Bulan   : +283° 35’ 07’’  | T. Azimuth Matahari : +280° 26’ 45’’
T. Tinggi Matahari : -001° 36’ 26’’
T. Tinggi Bulan (Mid): -004° 55’ 29’’
M. Tinggi Bulan (Mid): -003° 30’ 11’’
G. Elongasi        : +003° 54’ 06’’
T. Elongasi        : +004° 33’ 50’’
T. Lebar Sabit     : +000° 00’ 03’’
Range Q Odeh       : -3,447

--- DATA MATAHARI (00:00 & 12:00 UT) ---
Jam 0:00 UT:
  App Ecliptic Longitude : 56° 07' 18"
  App Ecliptic Latitude  : 0.47"
  App Right Ascension    : 53° 48' 11"
  App Declination        : +19° 16' 58"
  True Geocentric Dist   : 1.0111899
  Semi Diameter          : 15' 49.14"
  True Obliquity         : 23° 26' 17"
  Equation of Time       : 03m 39s
Jam 12:00 UT:
  App Ecliptic Longitude : 56° 36' 13"
  App Ecliptic Latitude  : 0.47"
  App Right Ascension    : 54° 17' 59"
  App Declination        : +19° 23' 43"
  True Geocentric Dist   : 1.0112942
  Semi Diameter          : 15' 49.04"
  True Obliquity         : 23° 26' 17"
  Equation of Time       : 03m 38s

--- DATA BULAN (00:00 UT) ---
Jam 00:00 UT:
  App Longitude          : 58° 29' 16"
  App Latitude           : +04° 58' 19"
  App Right Ascension    : 55° 02' 25"
  App Declination        : +24° 40' 01"
  Horizontal Parallax    : 01° 01' 11" (in deg) | in min: 61.18'
  Semi Diameter          : 16' 40.25"
  Angle Bright Limb      : 167° 44' 04"
  Fraction Illumination  : 0.23 %

===============================================================
      UJI PERBANDINGAN ALMANAK NAUTIKA (NAUTICAL ALMANAC)      
               Tanggal: 10 Mei 2002 M                          
===============================================================

--- MATAHARI & BULAN (10h UT) ---
Jam 10:00 UT:
  SUN GHA                : 331° 10.6'
  SUN Dec                : N17° 37.5'
  MOON GHA               : 352° 02.6'
  MOON v                 : 15.8'
  MOON Dec               : N06° 30.1'
  MOON d                 : 12.3'
  MOON HP                : 54.5'

--- SUMMARY TABLES (10 Mei 2002) ---
  SUN Eqn. of Time 00h   : 03m 39s
  SUN Eqn. of Time 12h   : 03m 40s
  SUN Mer. Pass.         : 11h 56m
  MOON Mer. Pass. Upper  : 10h 33m
  MOON Mer. Pass. Lower  : 22h 54m
  MOON Age               : 27 hari (27.2 h)
  MOON Phase             : 5.8 %
